https://www.boston.gov/29886.html,Zoning Board of Appeal Hearing
https://www.boston.gov/29871_001.html,Licensed Premise Violations Hearing List
https://www.boston.gov/29686_001.html,Licensing Board hearing
https://www.boston.gov/29901.html,Consumer Affairs Hearing
https://www.boston.gov/29836.html,Conservation Commission Hearing 
https://www.boston.gov/30036_001.html,Public Facilities Commission Meeting (DND)
